// Jest Snapshot v1, https://goo.gl/fbAQLP

exports[`Header component should render as expected 1`] = `
<header
  className="header"
>
  <div
    className="container"
  >
    <h1
      className="title"
    >
      Taylor
    </h1>
    <nav>
      <ul
        className="list"
      >
        <li
          className="listItem"
        >
          <Link
            activeClassName=""
            activeOnlyWhenExact={false}
            activeStyle={Object {}}
            className="link"
            isActive={[Function]}
            replace={false}
            style={Object {}}
            to="/"
          >
            Posts
          </Link>
        </li>
        <li
          className="listItem"
        >
          <Link
            activeClassName=""
            activeOnlyWhenExact={false}
            activeStyle={Object {}}
            className="link"
            isActive={[Function]}
            replace={false}
            style={Object {}}
            to="/about"
          >
            About
          </Link>
        </li>
      </ul>
    </nav>
  </div>
</header>
`;
