// Jest Snapshot v1, https://goo.gl/fbAQLP

exports[`NotFound component should render as expected 1`] = `
<h1>
  Uh oh! Looks like you've taken a wrong turn!
</h1>
`;
