// Jest Snapshot v1, https://goo.gl/fbAQLP

exports[`About component should render as expected 1`] = `
<div>
  <h1
    className="heading"
  >
    Hi, I'm Taylor!
  </h1>
  <p
    className="bio"
  >
     This section is all about me!
  </p>
</div>
`;
